// Vitest Snapshot v1, https://vitest.dev/guide/snapshot.html

exports[`agents > renders claude commands 1`] = `
{
  ".claude/skills/ssdd-commit/SKILL.md": "---
name: "ssdd-commit"
description: "Bump the ssdd spec version, commit everything and push"
argument-hint: "<commit message>"
disable-model-invocation: true
---
You are committing a new ssdd spec version. This is deterministic: make no code changes.

Message: $ARGUMENTS

1. Empty message → reply "Pass a message, e.g. the one /ssdd-implement or /ssdd-test printed" and stop.
2. Write the message verbatim to a temporary file outside the repo and run
   \`npx ssdd commit -F <file>\` (a file avoids shell quoting of multi-line messages).
3. Show the CLI output as is: version, commit hash, branch and push result, or the errors and
   the recovery steps it prints (spec errors, a rejected push). Do not retry or fix anything.
",
  ".claude/skills/ssdd-implement/SKILL.md": "---
name: "ssdd-implement"
description: "Implement and write tests for what changed in the ssdd spec since the last ssdd commit"
argument-hint: "[path, e.g. 1.a.3]"
---
You are implementing this project's spec. The spec tree is the source of truth.

Arguments: $ARGUMENTS

1. Run \`npx ssdd context <path> --for implement\` with the path above (none = all changes)
   and read the whole output.
   Invalid path → show the message and stop. No changes → reply "No spec changes since v<N>" and stop.
2. Scope = the Changes, or the whole Target when a path was given (audit it against the code).
   Breadcrumb is context; Boundaries are out of scope.
3. Per change root: added → build from scratch; modified or moved → update the
   code to the new text, unchanged children must keep working; removed → delete its behavior
   and code unless another node still uses them. Keep code that already satisfies a node.
   Constitution or tech stack changed → no codebase-wide refactor; list affected areas under
   Suggested follow-ups.
4. Implement depth first. Each leaf is an acceptance criterion; parent titles and bodies
   describe grouping and shared behavior.
5. Find out how this project writes tests:
   a. The Memory section of the output lists the test setup → use it and go to step 6.
   b. Otherwise check, in order: the Tech stack in the output, README.md, AGENTS.md, CLAUDE.md,
      then the project's config files (package.json scripts, pyproject.toml, Makefile, go.mod,
      Cargo.toml, CI workflows). Per layer (unit, integration) you need the framework, where
      the test files live, the command that runs them, and the command that runs only the tests
      whose name starts with a given text. Nothing found → ask the user.
   c. Unless the Tech stack already states all of that, write what you found to the Memory
      file named in the output, under \`## Tests\`: one bullet per layer, in this form:
      \`- <Layer>: <framework>, <file glob>; run: <command>; by name prefix: <command with <prefix>>\`.
      Replace outdated bullets; do not add duplicates.
6. Write tests for the changes. The tests for all unchanged nodes already exist and pass: do not
   add, audit or change them.
   - A node below the top level gets unit tests. A leaf gets at least one unit test for its
     behavior. An inner node with body text gets at least one unit test for that body text.
   - A top-level node gets integration tests. They run the feature through the whole app with
     the real modules connected; replace only services outside the app. When a node in a
     feature is added, modified or moved, update the integration tests of that feature so they
     cover the new behavior of the feature.
   - Per change: added → write its tests; modified → rewrite its tests to the new text;
     moved → rename and move its tests to the new place in the tree; removed → delete its
     tests.
   - Name tests by node titles, nested the way the spec nests: the outermost suite has the
     exact title of the top-level node, each inner suite has the exact title of a node below
     it, and each test has the exact title of the node it tests. Put integration tests in a
     suite named "<top-level title> integration". Use the exact titles without labels, so
     that a name filter on the top-level title selects every test of the feature.
   - Do not put labels, paths, versions, commit hashes, tags or ids in test names, comments or
     files.
   - A behavior that cannot be automated gets a skipped test with a one-line reason.
   - Follow the project's existing test layout and the setup from step 5.
7. Follow the Constitution and Tech stack. Never edit files under ssdd/, except the Memory
   file as described in step 5. Never run git commit or push. Do not run tests; the user runs
   /ssdd-test.
8. Ambiguous node → choose the reading most consistent with the spec and note it under
   Assumptions, with ready-to-paste bullets under Suggested spec changes.
   Conflict with the Constitution or Tech stack → stop and report.
9. Run build, type check and lint from the Tech stack and fix what fails.
10. Reply with: a table (path, change, action: built / updated / removed / audited, status,
    main files, test files), then Assumptions, Suggested spec changes, Out-of-scope changes,
    Suggested follow-ups.
11. End with a commit message in a code block, in the Commits format from the
    Constitution (default: Conventional Commits, \`<type>(<scope>): <summary>\` of at most
    72 characters; body = one bullet per change root with its path and title; no version),
    and the line "Run /ssdd-test, then /ssdd-commit with this message, as is or edited."
",
  ".claude/skills/ssdd-specify/SKILL.md": "---
name: "ssdd-specify"
description: "Turn a feature request into ssdd spec nodes (add, change, move or remove)"
argument-hint: "<what to add or change, e.g. [1.a.2] on focus make outline blue>"
---
You are editing this project's spec. The spec tree is the source of truth; you change the spec
only, never code or tests.

Request: $ARGUMENTS

1. Empty request → reply "Describe what to add or change, e.g. /ssdd-specify [1.a] add a
   password field" and stop.
2. Run \`npx ssdd context --for specify\` and read the whole output: the Target section is the
   whole tree with every node's label, and nodes mounted with \`ref:<feature>\` show the file
   they live in. Spec errors → show them and stop.
3. Paths in the request (\`[1.a.2]\`, \`1.a.2\`) name existing nodes by their current label.
   Change exactly those nodes and their subtrees. A path that does not exist → say so, show
   the nearest existing parent and its children, and stop. Without paths, find the place in
   the tree where the request belongs; nothing fits → add a new top-level node.
4. Structure every node you add or rewrite by this standard:
   - A node is an element of the product, nested the way the product nests: page or screen →
     section or component → element (field, button, list item), as deep as needed. Non-UI
     parts follow the same idea (API → endpoint → parameter; job → step).
   - A leaf is one behavior of its parent element: one trigger or state and one observable
     result.
   - An element never sits under a behavior; behaviors never have children. A behavior that
     needs its own elements means a missing element node: create it.
   - One behavior per leaf; split "and"s into separate leaves.
5. Write every leaf in ASD-STE100 Simplified Technical English. Give each element node a
   short noun title. A leaf has exactly one interpretation: two agents that read it build
   the same behavior.
   - Use one of these sentence forms for a leaf:
     \`When <trigger>, <result>.\` · \`While <state>, <result>.\` · \`The <element> <is|shows> <value>.\` ·
     \`The <value> is valid when <rule>.\`
     A leaf has one such sentence. It can add sentences that only define its placeholders or
     its terms.
   - Use the simple present tense and the active voice. Write a sentence of 25 words or
     fewer; a value in quotes or backticks counts as one word. Use "the" and "a". Do not use
     contractions, phrasal verbs or slang.
   - Use one word for one meaning and one name for one thing. Refer to an element by the
     exact title of its node. Do not use synonyms.
   - Refer to other nodes by their titles. Do not refer to a node by its label or path
     ("from step 1.a.3.b"): labels change when nodes move.
   - Name each trigger exactly: a user action (clicks <element>, presses <key> in <element>,
     types a character in <element>, changes <value>, <element> gets focus, <element> loses
     focus) or a system event (<page> opens, the <request> response has status <code>,
     <n> ms pass).
   - Write each value literally: displayed text in double quotes, character for character;
     numbers with their unit; colors as hex codes; durations in ms; limits as inclusive
     bounds; patterns as regular expressions.
   - Write dynamic text as a template with \`<placeholders>\`. In the same leaf, define each
     placeholder: its source, its type and its format (integer or decimal places, rounding,
     leading zeros, separators).
   - Write each rule once, in a \`The <value> is valid when <rule>.\` leaf under its element.
     Other leaves refer to it by name ("the Email value is not valid"). Do not copy the rule.
   - Every state that a leaf starts (shown, hidden, disabled, locked, open) has a defined
     start, end and initial state: write a \`While <state>\` leaf, or write the leaves that
     start it and end it, and the leaf for its state when the page opens.
   - A request to a server names the method, the path and the body as a template. Write a
     separate leaf for the result of: the success status, each error status the product
     handles, every other status, and no response within a timeout in ms.
   - Do not write examples. Do not use "e.g.", "for example", "such as", "like", "i.e.",
     "etc." or "and so on". An example is not a definition: write the rule that gives the
     result for every input.
   - Do not use vague words: appropriate, proper, correct, valid (without its rule),
     reasonable, normal, fast, slow, large, small, some, several, many, few, usually,
     generally, if needed, as required, user-friendly, clear, nice, may, might, should,
     could, can. Write the exact rule or value instead.
   - Do not use a verb without its result: "validate", "handle", "process", "prepare",
     "update" and "support" need the rule and the observable result of each outcome.
   - Write a separate leaf for each edge case that changes the result: empty, zero,
     minimum, maximum, over the limit, error.
   - The request does not give an exact value → choose one value that agrees with the
     existing spec, write it exactly, and list it under Assumptions.
   Example:
   \`\`\`
   - Login page
     - Login form
       - When the user presses Enter in the Email input or the Password input, the app does the same as a click on the Submit button.
       - When the POST /login response has status 200, the app opens /home.
       - Email input
         - The Email value is valid when, without leading and trailing whitespace, it matches \`^[^@\\s]+@[^@\\s]+\\.[^@\\s]+$\`.
         - While the Email input has focus, its outline color is #2E7D32.
         - While the Email input has no focus, its outline color is #BDBDBD.
         - When the user clicks the Submit button and the Email value is not valid, the Email input shows the error "Enter a valid email address".
         - When the user changes the Email value, the Email input hides its error.
         - When the Login page opens, the Email input shows no error.
       - Password input
         - The Password value is valid when it has 8 or more characters.
         - While the Password input has focus, its outline color is #1565C0.
         - While the Password input has no focus, its outline color is #BDBDBD.
         - When the user types a character in the Password input, the Password input shows "*" in place of that character.
         - When the user clicks the Submit button and the Password value is not valid, the Password input shows the error "Password must be at least 8 characters".
         - When the user changes the Password value, the Password input hides its error.
         - When the Login page opens, the Password input shows no error.
       - Submit button
         - When the user clicks the Submit button and the Email value or the Password value is not valid, the app sends no request.
         - When the user clicks the Submit button and both values are valid, the app sends POST /login with the JSON body \`{"email": <email>, "password": <password>}\`.
           <email> is the Email value without leading and trailing whitespace, as a JSON string. <password> is the Password value, as a JSON string.
         - While a POST /login request is open, the Submit button is disabled.
           A request is open until its response arrives or 10000 ms pass.
       - Error message
         - When the Login page opens, the Error message is hidden.
         - When the user clicks the Submit button, the Error message is hidden.
         - When the POST /login response has status 401, the Error message shows "Email or password is incorrect".
         - When the POST /login response has a status other than 200 and 401, or the request closes without a response, the Error message shows "Login failed. Try again.".
   \`\`\`
   Existing nodes that do not follow the standard: restructure only those the request
   touches; list the others under Suggested restructuring instead of changing them.
6. Edit the file each node lives in (\`ssdd/rootspec.md\`, or \`ssdd/specs/<feature>/spec.md\` for
   a \`ref:\` mount). Keep the file's bullet style and indentation. New nodes need no label:
   write \`- <title>\`; the CLI assigns labels. Never renumber labels by hand. Labels alternate by
   level: numbers 1 to 1000 (\`[1.a.234]\`), then letters a to z, aa to zz (\`[1.an.4]\`: after z
   come aa, ab, ac). A node holds at most 1000 children on a number level and 702 on a letter
   level; past that, group the children under new parent nodes. Keep the spec free of
   implementation details (file names, libraries, code) unless the request is about them;
   those belong in the Tech stack. Do not edit constitution.md, techstack.md or memory.md.
7. Ambiguous request → choose the reading most consistent with the existing spec and list it
   under Assumptions. A request that conflicts with the Constitution → stop and report.
8. Check every node you added or rewrote against steps 4 and 5. A node that fails a rule →
   rewrite it and check it again.
9. Run \`npx ssdd context --for implement\` to assign labels and check the spec. Spec errors →
   fix your edit and rerun.
10. Reply with: the changed subtrees with their new labels, a list of changes (added /
    modified / moved / removed, with paths), Assumptions, Suggested restructuring, and the
    line "Run /ssdd-implement to build it."
    Never run git commit or push.
",
  ".claude/skills/ssdd-test/SKILL.md": "---
name: "ssdd-test"
description: "Run the tests of every feature the ssdd spec changes touch, unit and integration"
argument-hint: "[path, e.g. 1.a.3]"
---
You are running this project's tests against the spec. The spec tree is the source of truth.

Arguments: $ARGUMENTS

1. Run \`npx ssdd context <path> --for test\` with the path above (none = all changes since the
   last ssdd commit) and read the whole output. Invalid path → show the message and stop.
2. Find out how this project runs its tests:
   a. The Memory section of the output lists the test setup → use it and go to step 3.
   b. Otherwise check, in order: the Tech stack in the output, README.md, AGENTS.md, CLAUDE.md,
      then the project's config files (package.json scripts, pyproject.toml, Makefile, go.mod,
      Cargo.toml, CI workflows). Per layer (unit, integration) you need the framework, where
      the test files live, the command that runs them, and the command that runs only the tests
      whose name starts with a given text. Nothing found → ask the user.
   c. Unless the Tech stack already states all of that, write what you found to the Memory
      file named in the output, under \`## Tests\`: one bullet per layer, in this form:
      \`- <Layer>: <framework>, <file glob>; run: <command>; by name prefix: <command with <prefix>>\`.
      Replace outdated bullets; do not add duplicates.
3. Tests are named by node titles: the outermost suite has the exact title of the top-level
   node, inner suites and tests have the exact titles of the nodes below it, and integration
   tests are in the suite "<top-level title> integration". Tests have no labels, paths,
   versions, hashes or tags.
4. Per node in the Changes: the tests that step 3 names do not exist → write them by the
   rules in /ssdd-implement step 6 (unit tests below the top level, integration tests for
   the top-level node). A removed node still has tests → delete them. Do not add, audit or
   change the tests of unchanged nodes.
5. Run the tests:
   - "No spec changes" in the output → run the whole test suite.
   - Otherwise, for each feature under Features to test: run all its unit tests and all its
     integration tests, with the name prefix filter set to the exact top-level title. A runner
     without a name filter → run the test files of that feature.
   - A remembered command no longer works (missing script, unknown tool) → redo steps 2b and
     2c, then run again.
6. On failure, check whether the test contradicts the spec. If so, fix the test and run again
   (at most 2 rounds). Never change application code here. Never edit files under ssdd/,
   except the Memory file as described in step 2.
   Never run git commit or push.
7. Report:
   - Per feature: path, title, unit tests passed / failed / skipped, integration tests passed /
     failed / skipped.
   - Per failing test: its name, the node path it tests, and a one-line cause.
   Suggest \`/ssdd-implement <path>\` for nodes with failing tests.
   If test files or the Memory file changed, end with a commit message in a code block
   (Commits format from the Constitution; default \`test(<scope>): <summary>\`) and the line
   "Run /ssdd-commit with this message, as is or edited."
",
}
`;
